
> test-design-assistant-frontend@1.0.0 build
> vite build

[36mvite v5.4.21 [32mbuilding for production...[36m[39m
transforming...
node.exe : Deprecation [legacy-js-api]: The legacy JS AP
I is deprecated and will be removed in Dart Sass 2.0.0.
所在位置 行:1 字符: 1
+ & "D:\nodejs/node.exe" "D:\nodejs/node_modules/npm/bin
/npm-cli.js" ru ...
+ ~~~~~~~~~~~~~~~~~~~~~~~~~~~~~~~~~~~~~~~~~~~~~~~~~~~~~~
~~~~~~~~~~~~~~~
    + CategoryInfo          : NotSpecified: (Deprecatio 
   n [le...art Sass 2.0.0.:String) [], RemoteException
    + FullyQualifiedErrorId : NativeCommandError
 

More info: https://sass-lang.com/d/legacy-js-api
Deprecation [legacy-js-api]: The legacy JS API is deprec
ated and will be removed in Dart Sass 2.0.0.

More info: https://sass-lang.com/d/legacy-js-api
[32m鉁?[39m 303 modules transformed.
[31mx[39m Build failed in 945ms
[31merror during build:
[31m[vite:vue] [vue/compiler-sfc] Unexpected token, exp
ected "," (133:49)

D:/Demo/test-genius/frontend/src/views/test-report/TestR
eportList.vue
740|  
741|  
742|  const dialogTitle = computed(() => (isEdit.value '
'缂栬緫鎶ュ憡' : '鏂板缓鎶ュ憡'))
   |                                                   ^
743|  
744|  [31m
file: [36mD:/Demo/test-genius/frontend/src/views/test-r
eport/TestReportList.vue:133:49[31m
    at constructor (D:\Demo\test-genius\frontend\node_mo
dules\@babel\parser\lib\index.js:365:19)
    at TypeScriptParserMixin.raise (D:\Demo\test-genius\
frontend\node_modules\@babel\parser\lib\index.js:6599:19
)
    at TypeScriptParserMixin.unexpected (D:\Demo\test-ge
nius\frontend\node_modules\@babel\parser\lib\index.js:66
19:16)
    at TypeScriptParserMixin.expect (D:\Demo\test-genius
\frontend\node_modules\@babel\parser\lib\index.js:6899:1
2)
    at TypeScriptParserMixin.parseParenAndDistinguishExp
ression (D:\Demo\test-genius\frontend\node_modules\@babe
l\parser\lib\index.js:11651:14)
    at TypeScriptParserMixin.parseExprAtom (D:\Demo\test
-genius\frontend\node_modules\@babel\parser\lib\index.js
:11321:23)
    at TypeScriptParserMixin.parseExprSubscripts (D:\Dem
o\test-genius\frontend\node_modules\@babel\parser\lib\in
dex.js:11071:23)
    at TypeScriptParserMixin.parseUpdate (D:\Demo\test-g
enius\frontend\node_modules\@babel\parser\lib\index.js:1
1056:21)
    at TypeScriptParserMixin.parseMaybeUnary (D:\Demo\te
st-genius\frontend\node_modules\@babel\parser\lib\index.
js:11036:23)
    at TypeScriptParserMixin.parseMaybeUnary (D:\Demo\te
st-genius\frontend\node_modules\@babel\parser\lib\index.
js:9827:18)[39m
